// Vitest Snapshot v1, https://vitest.dev/guide/snapshot.html

exports[`vite-lit-loader > loadTemplate > should load HTML template 1`] = `
"
      import { unsafeHTML } from 'lit/directives/unsafe-html.js';

      export default unsafeHTML(\`<!doctype html>
<html>
  <head>
    <title>Test HTML</title>
  </head>
  <body>
    <h1>Hello, World!</h1>
    <p>This is a test HTML document.</p>
  </body>
</html>
\`);
      "
`;

exports[`vite-lit-loader > loadTemplate > should load SVG template 1`] = `
"
      import { unsafeSVG } from 'lit/directives/unsafe-svg.js';

      export default unsafeSVG(\`<svg xmlns="http://www.w3.org/2000/svg" id="test-svg" width="100" height="100">
  <circle cx="50" cy="50" r="40" fill="blue"/>
</svg>\`)
      "
`;
